Microchip MPLAB XC8 Compiler V2.00 ()

Linker command line:

-W-3 --edf=C:\Program Files (x86)\Microchip\xc8\v2.00\pic\dat\en_msgs.txt \
  -cs -h+dist/default/production\PartidaET.production.sym \
  --cmf=dist/default/production\PartidaET.production.cmf -z -Q16F887 \
  -oC:\Users\21192692\AppData\Local\Temp\s45c.2 \
  -Mdist/default/production/PartidaET.production.map -E1 -ver=XC8 \
  --acfsm=1493 -ASTACK=0110h-016fh -pstack=STACK -ACODE=00h-07FFhx4 \
  -ASTRCODE=00h-01FFFh -ASTRING=00h-0FFhx32 -ACONST=00h-0FFhx32 \
  -AENTRY=00h-0FFhx32 -ACOMMON=070h-07Fh -ABANK0=020h-06Fh \
  -ABANK1=0A0h-0EFh -ABANK2=0110h-016Fh -ABANK3=0190h-01EFh \
  -ARAM=020h-06Fh,0A0h-0EFh,0110h-016Fh,0190h-01EFh \
  -AABS1=020h-07Fh,0A0h-0EFh,0110h-016Fh,0190h-01EFh -ASFR0=00h-01Fh \
  -ASFR1=080h-09Fh -ASFR2=0100h-010Fh -ASFR3=0180h-018Fh \
  -preset_vec=00h,intentry,init,end_init -ppowerup=CODE -pcinit=CODE \
  -pfunctab=ENTRY -ACONFIG=02007h-02008h -pconfig=CONFIG -DCONFIG=2 \
  -AIDLOC=02000h-02003h -pidloc=IDLOC -DIDLOC=2 -AEEDATA=00h-0FFh/02100h \
  -peeprom_data=EEDATA -DEEDATA=2 -DCODE=2 -DSTRCODE=2 -DSTRING=2 -DCONST=2 \
  -DENTRY=2 -k C:\Users\21192692\AppData\Local\Temp\s45c.o \
  dist/default/production\PartidaET.production.o 

Object code version is 3.11

Machine type is 16F887



                Name                               Link     Load   Length Selector   Space Scale
C:\Users\21192692\AppData\Local\Temp\s45c.o
                end_init                              0        0        3        0       0
                config                             2007     2007        2     400E       0
dist/default/production\PartidaET.production.o
                cinit                               7E2      7E2       1E      FC4       0
                functab                               3        3        C        6       0
                text10                              68E      68E        9      D1C       0
                text9                               6AA      6AA        B      D54       0
                text8                               6F0      6F0       17      DE0       0
                text7                               6A0      6A0        A      D40       0
                text6                               697      697        9      D2E       0
                text5                               676      676        8      CEC       0
                text4                               67E      67E        8      CFC       0
                text3                               686      686        8      D0C       0
                text2                               6B5      6B5        C      D6A       0
                text1                               6C1      6C1        C      D82       0
                maintext                            707      707       DB      E0E       0
                cstackCOMMON                         70       70        A       70       1
                inittext                            6DD      6DD       13      DBA       0
                dataBANK0                            20       20       10       20       1
                dataCOMMON                           7A       7A        2       70       1
                idataBANK0                          6CD      6CD       10      D9A       0
                idataCOMMON                         674      674        2      CE8       0

TOTAL           Name                               Link     Load   Length     Space
        CLASS   STACK          

        CLASS   CODE           
                end_init                              0        0        3         0
                cinit                               7E2      7E2       1E         0
                text10                              68E      68E        9         0
                text9                               6AA      6AA        B         0
                text8                               6F0      6F0       17         0
                text7                               6A0      6A0        A         0
                text6                               697      697        9         0
                text5                               676      676        8         0
                text4                               67E      67E        8         0
                text3                               686      686        8         0
                text2                               6B5      6B5        C         0
                text1                               6C1      6C1        C         0
                maintext                            707      707       DB         0
                inittext                            6DD      6DD       13         0
                idataBANK0                          6CD      6CD       10         0
                idataCOMMON                         674      674        2         0

        CLASS   STRCODE        

        CLASS   STRING         

        CLASS   CONST          

        CLASS   ENTRY          
                functab                               3        3        C         0

        CLASS   COMMON         
                cstackCOMMON                         70       70        A         1
                dataCOMMON                           7A       7A        2         1

        CLASS   BANK0          
                dataBANK0                            20       20       10         1

        CLASS   BANK1          

        CLASS   BANK2          

        CLASS   BANK3          

        CLASS   RAM            

        CLASS   ABS1           
                abs_s1                               7E       7E        2         1

        CLASS   SFR0           

        CLASS   SFR1           

        CLASS   SFR2           

        CLASS   SFR3           

        CLASS   CONFIG         
                config                             2007     2007        2         0

        CLASS   IDLOC          

        CLASS   EEDATA         



SEGMENTS        Name                           Load    Length   Top    Selector   Space  Class     Delta

                reset_vec                      000000  000003  000003         0       0  CODE        2
                functab                        000003  00000C  00000F         6       0  ENTRY       2
                dataBANK0                      000020  000010  000030        20       1  BANK0       1
                cstackCOMMON                   000070  00000C  00007C        70       1  COMMON      1
                idataCOMMON                    000674  000002  000676       CE8       0  CODE        2
                text5                          000676  000008  00067E       CEC       0  CODE        2
                text4                          00067E  000008  000686       CFC       0  CODE        2
                text3                          000686  000008  00068E       D0C       0  CODE        2
                text10                         00068E  000009  000697       D1C       0  CODE        2
                text6                          000697  000009  0006A0       D2E       0  CODE        2
                text7                          0006A0  00000A  0006AA       D40       0  CODE        2
                text9                          0006AA  00000B  0006B5       D54       0  CODE        2
                text2                          0006B5  00000C  0006C1       D6A       0  CODE        2
                text1                          0006C1  00000C  0006CD       D82       0  CODE        2
                idataBANK0                     0006CD  000010  0006DD       D9A       0  CODE        2
                inittext                       0006DD  000013  0006F0       DBA       0  CODE        2
                text8                          0006F0  000017  000707       DE0       0  CODE        2
                maintext                       000707  0000DB  0007E2       E0E       0  CODE        2
                cinit                          0007E2  00001E  000800       FC4       0  CODE        2
                config                         002007  000002  002009      400E       0  CONFIG      2


UNUSED ADDRESS RANGES

        Name                Unused          Largest block    Delta
        BANK0            0030-006F             40           1
        BANK1            00A0-00EF             50           1
        BANK2            0110-016F             60           1
        BANK3            0190-01EF             60           1
        CODE             000F-0673            665           2
                         0800-1FFF            800
        COMMON           007C-007D              2           1
        CONST            000F-0673            100           2
                         0800-1FFF            100
        EEDATA           2100-21FF            100           2
        ENTRY            000F-0673            100           2
                         0800-1FFF            100
        IDLOC            2000-2003              4           2
        RAM              0030-006F             40           1
                         00A0-00EF             50
                         0110-016F             60
                         0190-01EF             60
        SFR0             0000-001F             20           1
        SFR1             0080-009F             20           1
        SFR2             0100-010F             10           1
        SFR3             0180-018F             10           1
        STACK            0110-016F             60           1
        STRCODE          000F-0673            665           2
                         0800-1FFF           1800
        STRING           000F-0673            100           2
                         0800-1FFF            100

                                  Symbol Table

?_s0                      cstackCOMMON 0070
?_s1                      cstackCOMMON 0070
_ANSELH                   (abs)        0189
_PORTB                    (abs)        0006
_PORTDbits                (abs)        0008
_TRISB                    (abs)        0086
_TRISDbits                (abs)        0088
__CFG_BOR4V$BOR40V        (abs)        0000
__CFG_BOREN$OFF           (abs)        0000
__CFG_CP$OFF              (abs)        0000
__CFG_CPD$OFF             (abs)        0000
__CFG_FCMEN$OFF           (abs)        0000
__CFG_FOSC$INTRC_NOCLKOUT (abs)        0000
__CFG_IESO$OFF            (abs)        0000
__CFG_LVP$OFF             (abs)        0000
__CFG_MCLRE$OFF           (abs)        0000
__CFG_PWRTE$OFF           (abs)        0000
__CFG_WDTE$OFF            (abs)        0000
__CFG_WRT$OFF             (abs)        0000
__Habs1                   abs1         0000
__Hbank0                  bank0        0000
__Hbank1                  bank1        0000
__Hbank2                  bank2        0000
__Hbank3                  bank3        0000
__Hcinit                  cinit        0800
__Hclrtext                clrtext      0000
__Hcode                   code         0000
__Hcommon                 common       0000
__Hconfig                 config       2009
__HcstackCOMMON           cstackCOMMON 0000
__HdataBANK0              dataBANK0    0000
__HdataCOMMON             dataCOMMON   0000
__Heeprom_data            eeprom_data  0000
__Hend_init               end_init     0003
__Hfunctab                functab      000F
__HidataBANK0             idataBANK0   0000
__HidataCOMMON            idataCOMMON  0000
__Hidloc                  idloc        0000
__Hinit                   init         0000
__Hinittext               inittext     0000
__Hintentry               intentry     0000
__Hmaintext               maintext     0000
__Hpowerup                powerup      0000
__Hram                    ram          0000
__Hreset_vec              reset_vec    0000
__Hsfr0                   sfr0         0000
__Hsfr1                   sfr1         0000
__Hsfr2                   sfr2         0000
__Hsfr3                   sfr3         0000
__Hspace_0                (abs)        2009
__Hspace_1                (abs)        007C
__Hspace_2                (abs)        0000
__Hspace_3                (abs)        0000
__Hstack                  stack        0000
__Hstrings                strings      0000
__Htext                   text         0000
__Labs1                   abs1         0000
__Lbank0                  bank0        0000
__Lbank1                  bank1        0000
__Lbank2                  bank2        0000
__Lbank3                  bank3        0000
__Lcinit                  cinit        07E2
__Lclrtext                clrtext      0000
__Lcode                   code         0000
__Lcommon                 common       0000
__Lconfig                 config       2007
__LcstackCOMMON           cstackCOMMON 0000
__LdataBANK0              dataBANK0    0000
__LdataCOMMON             dataCOMMON   0000
__Leeprom_data            eeprom_data  0000
__Lend_init               end_init     0000
__Lfunctab                functab      0003
__LidataBANK0             idataBANK0   0000
__LidataCOMMON            idataCOMMON  0000
__Lidloc                  idloc        0000
__Linit                   init         0000
__Linittext               inittext     0000
__Lintentry               intentry     0000
__Lmaintext               maintext     0000
__Lpowerup                powerup      0000
__Lram                    ram          0000
__Lreset_vec              reset_vec    0000
__Lsfr0                   sfr0         0000
__Lsfr1                   sfr1         0000
__Lsfr2                   sfr2         0000
__Lsfr3                   sfr3         0000
__Lspace_0                (abs)        0000
__Lspace_1                (abs)        0000
__Lspace_2                (abs)        0000
__Lspace_3                (abs)        0000
__Lstack                  stack        0000
__Lstrings                strings      0000
__Ltext                   text         0000
__S0                      (abs)        2009
__S1                      (abs)        007C
__S2                      (abs)        0000
__S3                      (abs)        0000
___int_sp                 stack        0000
___latbits                (abs)        0002
___sp                     stack        0000
__end_of__fptable         functab      000F
__end_of__initialization  cinit        07FC
__end_of_botoes_init      text10       0697
__end_of_contatores_init  text9        06B5
__end_of_delay            text8        0707
__end_of_disp7seg_init    text7        06AA
__end_of_display7seg      text6        06A0
__end_of_k1               text5        067E
__end_of_k2               text4        0686
__end_of_k3               text3        068E
__end_of_main             maintext     07E2
__end_of_s0               text2        06C1
__end_of_s1               text1        06CD
__fptable                 functab      0003
__initialization          cinit        07E2
__pcstackCOMMON           cstackCOMMON 0070
__pdataBANK0              dataBANK0    0020
__pdataCOMMON             dataCOMMON   007A
__pfunctab                functab      0003
__pidataBANK0             idataBANK0   06CD
__pidataCOMMON            idataCOMMON  0674
__pmaintext               maintext     0707
__ptext1                  text1        06C1
__ptext10                 text10       068E
__ptext2                  text2        06B5
__ptext3                  text3        0686
__ptext4                  text4        067E
__ptext5                  text5        0676
__ptext6                  text6        0697
__ptext7                  text7        06A0
__ptext8                  text8        06F0
__ptext9                  text9        06AA
__size_of__fptable        (abs)        0000
__size_of_botoes_init     (abs)        0000
__size_of_contatores_init (abs)        0000
__size_of_delay           (abs)        0000
__size_of_disp7seg_init   (abs)        0000
__size_of_display7seg     (abs)        0000
__size_of_k1              (abs)        0000
__size_of_k2              (abs)        0000
__size_of_k3              (abs)        0000
__size_of_main            (abs)        0000
__size_of_s0              (abs)        0000
__size_of_s1              (abs)        0000
_botoes_init              text10       068E
_contatores_init          text9        06AA
_d7seg                    dataCOMMON   007A
_delay                    text8        06F0
_disp7seg_init            text7        06A0
_display7seg              text6        0697
_k1                       text5        0676
_k2                       text4        067E
_k3                       text3        0686
_main                     maintext     0707
_s0                       text2        06B5
_s1                       text1        06C1
_vetor                    dataBANK0    0020
btemp                     (abs)        007E
delay@t                   cstackCOMMON 0070
display7seg@c             cstackCOMMON 0070
end_of_initialization     cinit        07FC
fpbase                    functab      0008
fptable                   functab      0003
fptotal                   (abs)        0004
init_fetch0               inittext     06DD
init_ram0                 inittext     06E1
intlevel0                 functab      0003
intlevel1                 functab      0003
intlevel2                 functab      0003
intlevel3                 functab      0003
intlevel4                 functab      0003
intlevel5                 functab      0003
k1@liga_desliga           cstackCOMMON 0070
k2@liga_desliga           cstackCOMMON 0070
k3@liga_desliga           cstackCOMMON 0070
main@cont                 cstackCOMMON 0077
main@estado               cstackCOMMON 0078
main@t                    cstackCOMMON 0075
reset_vec                 reset_vec    0000
stackhi                   (abs)        0000
stacklo                   (abs)        0000
start                     init         0000
start_initialization      cinit        07E2
wtemp0                    (abs)        007E


FUNCTION INFORMATION:

 *************** function _main *****************
 Defined at:
		line 19 in file "main.c"
 Parameters:    Size  Location     Type
		None
 Auto vars:     Size  Location     Type
  estado          2    8[COMMON] int 
  t               2    5[COMMON] int 
  cont            1    7[COMMON] unsigned char 
 Return value:  Size  Location     Type
                  1    wreg      void 
 Registers used:
		wreg, fsr0l, fsr0h, status,2, status,0, btemp+1, pclath, cstack
 Tracked objects:
		On entry : 
		On exit  : 
		Unchanged: 
 Data sizes:     COMMON   BANK0   BANK1   BANK3   BANK2
      Params:         0       0       0       0       0
      Locals:         5       0       0       0       0
      Temps:          1       0       0       0       0
      Totals:         6       0       0       0       0
Total ram usage:        6 bytes
 Hardware stack levels required when called:    1
 This function calls:
		_botoes_init
		_contatores_init
		_delay
		_disp7seg_init
		_display7seg
		_k1
		_k2
		_k3
		_s0
		_s1
 This function is called by:
		Startup code after reset
 This function uses a non-reentrant model


 *************** function _s1 *****************
 Defined at:
		line 21 in file "botoes.c"
 Parameters:    Size  Location     Type
		None
 Auto vars:     Size  Location     Type
		None
 Return value:  Size  Location     Type
                  2    0[COMMON] int 
 Registers used:
		wreg, status,2, status,0
 Tracked objects:
		On entry : 
		On exit  : 
		Unchanged: 
 Data sizes:     COMMON   BANK0   BANK1   BANK3   BANK2
      Params:         2       0       0       0       0
      Locals:         0       0       0       0       0
      Temps:          2       0       0       0       0
      Totals:         4       0       0       0       0
Total ram usage:        4 bytes
 Hardware stack levels used:    1
 This function calls:
		Nothing
 This function is called by:
		_main
 This function uses a non-reentrant model


 *************** function _s0 *****************
 Defined at:
		line 26 in file "botoes.c"
 Parameters:    Size  Location     Type
		None
 Auto vars:     Size  Location     Type
		None
 Return value:  Size  Location     Type
                  2    0[COMMON] int 
 Registers used:
		wreg, status,2, status,0
 Tracked objects:
		On entry : 
		On exit  : 
		Unchanged: 
 Data sizes:     COMMON   BANK0   BANK1   BANK3   BANK2
      Params:         2       0       0       0       0
      Locals:         0       0       0       0       0
      Temps:          2       0       0       0       0
      Totals:         4       0       0       0       0
Total ram usage:        4 bytes
 Hardware stack levels used:    1
 This function calls:
		Nothing
 This function is called by:
		_main
 This function uses a non-reentrant model


 *************** function _k3 *****************
 Defined at:
		line 32 in file "contatores.c"
 Parameters:    Size  Location     Type
  liga_desliga    2    0[COMMON] int 
 Auto vars:     Size  Location     Type
		None
 Return value:  Size  Location     Type
                  1    wreg      void 
 Registers used:
		wreg, status,0
 Tracked objects:
		On entry : 
		On exit  : 
		Unchanged: 
 Data sizes:     COMMON   BANK0   BANK1   BANK3   BANK2
      Params:         2       0       0       0       0
      Locals:         0       0       0       0       0
      Temps:          0       0       0       0       0
      Totals:         2       0       0       0       0
Total ram usage:        2 bytes
 Hardware stack levels used:    1
 This function calls:
		Nothing
 This function is called by:
		_main
 This function uses a non-reentrant model


 *************** function _k2 *****************
 Defined at:
		line 27 in file "contatores.c"
 Parameters:    Size  Location     Type
  liga_desliga    2    0[COMMON] int 
 Auto vars:     Size  Location     Type
		None
 Return value:  Size  Location     Type
                  1    wreg      void 
 Registers used:
		wreg, status,0
 Tracked objects:
		On entry : 
		On exit  : 
		Unchanged: 
 Data sizes:     COMMON   BANK0   BANK1   BANK3   BANK2
      Params:         2       0       0       0       0
      Locals:         0       0       0       0       0
      Temps:          0       0       0       0       0
      Totals:         2       0       0       0       0
Total ram usage:        2 bytes
 Hardware stack levels used:    1
 This function calls:
		Nothing
 This function is called by:
		_main
 This function uses a non-reentrant model


 *************** function _k1 *****************
 Defined at:
		line 21 in file "contatores.c"
 Parameters:    Size  Location     Type
  liga_desliga    2    0[COMMON] int 
 Auto vars:     Size  Location     Type
		None
 Return value:  Size  Location     Type
                  1    wreg      void 
 Registers used:
		wreg, status,0
 Tracked objects:
		On entry : 
		On exit  : 
		Unchanged: 
 Data sizes:     COMMON   BANK0   BANK1   BANK3   BANK2
      Params:         2       0       0       0       0
      Locals:         0       0       0       0       0
      Temps:          0       0       0       0       0
      Totals:         2       0       0       0       0
Total ram usage:        2 bytes
 Hardware stack levels used:    1
 This function calls:
		Nothing
 This function is called by:
		_main
 This function uses a non-reentrant model


 *************** function _display7seg *****************
 Defined at:
		line 22 in file "disp7seg.c"
 Parameters:    Size  Location     Type
  c               1    0[COMMON] unsigned char 
 Auto vars:     Size  Location     Type
		None
 Return value:  Size  Location     Type
                  1    wreg      void 
 Registers used:
		wreg, fsr0l, fsr0h, status,2, status,0
 Tracked objects:
		On entry : 
		On exit  : 
		Unchanged: 
 Data sizes:     COMMON   BANK0   BANK1   BANK3   BANK2
      Params:         1       0       0       0       0
      Locals:         0       0       0       0       0
      Temps:          0       0       0       0       0
      Totals:         1       0       0       0       0
Total ram usage:        1 bytes
 Hardware stack levels used:    1
 This function calls:
		Nothing
 This function is called by:
		_main
 This function uses a non-reentrant model


 *************** function _disp7seg_init *****************
 Defined at:
		line 15 in file "disp7seg.c"
 Parameters:    Size  Location     Type
		None
 Auto vars:     Size  Location     Type
		None
 Return value:  Size  Location     Type
                  1    wreg      void 
 Registers used:
		status,2
 Tracked objects:
		On entry : 
		On exit  : 
		Unchanged: 
 Data sizes:     COMMON   BANK0   BANK1   BANK3   BANK2
      Params:         0       0       0       0       0
      Locals:         0       0       0       0       0
      Temps:          0       0       0       0       0
      Totals:         0       0       0       0       0
Total ram usage:        0 bytes
 Hardware stack levels used:    1
 This function calls:
		Nothing
 This function is called by:
		_main
 This function uses a non-reentrant model


 *************** function _delay *****************
 Defined at:
		line 13 in file "delay.c"
 Parameters:    Size  Location     Type
  t               2    0[COMMON] int 
 Auto vars:     Size  Location     Type
		None
 Return value:  Size  Location     Type
                  1    wreg      void 
 Registers used:
		wreg, status,2, status,0
 Tracked objects:
		On entry : 
		On exit  : 
		Unchanged: 
 Data sizes:     COMMON   BANK0   BANK1   BANK3   BANK2
      Params:         2       0       0       0       0
      Locals:         0       0       0       0       0
      Temps:          1       0       0       0       0
      Totals:         3       0       0       0       0
Total ram usage:        3 bytes
 Hardware stack levels used:    1
 This function calls:
		Nothing
 This function is called by:
		_main
 This function uses a non-reentrant model


 *************** function _contatores_init *****************
 Defined at:
		line 11 in file "contatores.c"
 Parameters:    Size  Location     Type
		None
 Auto vars:     Size  Location     Type
		None
 Return value:  Size  Location     Type
                  1    wreg      void 
 Registers used:
		None
 Tracked objects:
		On entry : 
		On exit  : 
		Unchanged: 
 Data sizes:     COMMON   BANK0   BANK1   BANK3   BANK2
      Params:         0       0       0       0       0
      Locals:         0       0       0       0       0
      Temps:          0       0       0       0       0
      Totals:         0       0       0       0       0
Total ram usage:        0 bytes
 Hardware stack levels used:    1
 This function calls:
		Nothing
 This function is called by:
		_main
 This function uses a non-reentrant model


 *************** function _botoes_init *****************
 Defined at:
		line 13 in file "botoes.c"
 Parameters:    Size  Location     Type
		None
 Auto vars:     Size  Location     Type
		None
 Return value:  Size  Location     Type
                  1    wreg      void 
 Registers used:
		None
 Tracked objects:
		On entry : 
		On exit  : 
		Unchanged: 
 Data sizes:     COMMON   BANK0   BANK1   BANK3   BANK2
      Params:         0       0       0       0       0
      Locals:         0       0       0       0       0
      Temps:          0       0       0       0       0
      Totals:         0       0       0       0       0
Total ram usage:        0 bytes
 Hardware stack levels used:    1
 This function calls:
		Nothing
 This function is called by:
		_main
 This function uses a non-reentrant model



MODULE INFORMATION

Module		Function		Class		Link	Load	Size
delay.c
		_delay         		CODE           	06F0	0000	24

delay.c estimated size: 24

botoes.c
		_s0            		CODE           	06B5	0000	13
		_s1            		CODE           	06C1	0000	13
		_botoes_init   		CODE           	068E	0000	10

botoes.c estimated size: 36

contatores.c
		_k1            		CODE           	0676	0000	9
		_k2            		CODE           	067E	0000	9
		_k3            		CODE           	0686	0000	9
		_contatores_init		CODE           	06AA	0000	12

contatores.c estimated size: 39

shared
		__initialization		CODE           	07E2	0000	27
		__fptable      		ENTRY          	0003	0000	13

shared estimated size: 40

disp7seg.c
		_display7seg   		CODE           	0697	0000	10
		_disp7seg_init 		CODE           	06A0	0000	11

disp7seg.c estimated size: 21

main.c
		_main          		CODE           	0707	0000	220

main.c estimated size: 220

